I'm sorry, but errors were detected in your script. Please correct the
errors listed below, and try again.


File "game/neuralnet.rpy", line 84: invalid syntax
            renpy.say(,"Sad phrase.")
                       ^
    

Ren'Py Version: Ren'Py 7.3.5.606
Wed Dec 04 12:22:11 2019
